<testsuites name="jest tests" tests="4" failures="0" time="2.023">
  <testsuite name="undefined" errors="0" failures="0" skipped="0" timestamp="2023-10-05T15:30:53" time="2.023" tests="4">
    <testcase classname=" Initial articles render correctly" name=" Initial articles render correctly" time="0.079">
    </testcase>
    <testcase classname=" Clicking on top renders expected articles" name=" Clicking on top renders expected articles" time="0.102">
    </testcase>
    <testcase classname=" Clicking on newest renders expected articles" name=" Clicking on newest renders expected articles" time="0.017">
    </testcase>
    <testcase classname=" Sequence of navigation clicks renders expected artices" name=" Sequence of navigation clicks renders expected artices" time="0.051">
    </testcase>
  </testsuite>
</testsuites>